<html>
<body>
<pre>
<h1>µVision Build Log</h1>
<h2>Project:</h2>
C:\Users\Michael\Downloads\ValvanoWareTM4C123\ValvanoWareTM4C123\Lab1\ST7735.uvproj
Project File Date:  01/23/2018

<h2>Output:</h2>
Build target 'ST7735'
linking...
Program Size: Code=3852 RO-data=4324 RW-data=64 ZI-data=1024  
".\ST7735.axf" - 0 Error(s), 0 Warning(s).
Load "C:\\Users\\Michael\\Downloads\\ValvanoWareTM4C123\\ValvanoWareTM4C123\\Lab1\\ST7735.axf" 
Connecting: Mode=JTAG, Speed=1000000Hz
Erase Done.
Programming Done.
Verify OK.
compiling fixed.c...
"fixed.c" - 0 Error(s), 0 Warning(s).
:  #1-D: last line of file ends without a newline
  }
ST7735TestMain.c: 1 warning, 0 errors
"ST7735TestMain.c" - 0 Error(s), 1 Warning(s).
20: identifier "y" is undefined
    if(y>Ymax) y=Ymax;
fixed.c(191): error:  #20: identifier "Ymax" is undefined
    if(y>Ymax) y=Ymax;
fixed.c(196): error:  #20: identifier "j" is undefined
    j = 32+(127*(Ymax-y))/Yrange;
fixed.c(196): error:  #20: identifier "Ymax" is undefined
    j = 32+(127*(Ymax-y))/Yrange;
fixed.c(196): error:  #20: identifier "y" is undefined
    j = 32+(127*(Ymax-y))/Yrange;
fixed.c(196): error:  #20: identifier "Yrange" is undefined
    j = 32+(127*(Ymax-y))/Yrange;
fixed.c(199): error:  #20: identifier "X" is undefined
    ST7735_DrawPixel(X,   j,   ST7735_BLUE);
fixed.c: 0 warnings, 9 errors
"fixed.c" - 9 Error(s), 0 Warning(s).
compiling fixed.c...
"fixed.c" - 0 Error(s), 0 Warning(s).
ed.c" - 0 Error(s), 0 Warning(s).
